// Jest Snapshot v1, https://goo.gl/fbAQLP

exports[`renders correctly 1`] = `
<Text
  style={
    [
      {
        "color": "rgba(0, 0, 0, 0.87)",
      },
      [
        undefined,
        {
          "fontFamily": "space-mono",
        },
      ],
    ]
  }
>
  Snapshot test!
</Text>
`;
