// Jest Snapshot v1, https://goo.gl/fbAQLP

exports[`renders correctly 1`] = `
<View
  collapsable={false}
  handlerTag={1}
  handlerType="PanGestureHandler"
  onGestureHandlerEvent={[Function]}
  onGestureHandlerStateChange={[Function]}
  style={
    {
      "bottom": 0,
      "left": 0,
      "position": "absolute",
      "right": 0,
      "top": 0,
    }
  }
>
  <RNSVGSvgView
    bbHeight="100%"
    bbWidth="100%"
    focusable={false}
    style={
      [
        {
          "backgroundColor": "transparent",
          "borderWidth": 0,
        },
        {
          "bottom": 0,
          "left": 0,
          "position": "absolute",
          "right": 0,
          "top": 0,
        },
        {
          "flex": 0,
          "height": "100%",
          "width": "100%",
        },
      ]
    }
  >
    <RNSVGGroup>
      <RNSVGDefs>
        <RNSVGRadialGradient
          cx="50%"
          cy="35%"
          fx="50%"
          fy="35%"
          gradient={
            [
              0,
              -1,
              1,
              -876115,
            ]
          }
          gradientTransform={null}
          gradientUnits={0}
          name="gradient"
          rx="50%"
          ry="50%"
        />
      </RNSVGDefs>
      <RNSVGRect
        fill={
          {
            "brushRef": "gradient",
            "type": 1,
          }
        }
        height="1334"
        propList={
          [
            "fill",
          ]
        }
        width="750"
        x="0"
        y="0"
      />
    </RNSVGGroup>
  </RNSVGSvgView>
  <View
    style={
      {
        "alignItems": "center",
        "bottom": 0,
        "left": 0,
        "padding": 75,
        "paddingTop": 150,
        "position": "absolute",
        "right": 0,
        "top": 0,
      }
    }
  >
    <Image
      source={1}
      style={
        {
          "height": 675,
          "width": 675,
        }
      }
    />
    <View>
      <Text
        style={
          {
            "color": "white",
            "fontFamily": "SFProDisplay-Bold",
            "fontSize": 48,
            "marginBottom": 16,
            "textAlign": "center",
          }
        }
      >
        Dessert Recipes
      </Text>
      <Text
        style={
          {
            "color": "white",
            "fontFamily": "SFProDisplay-Regular",
            "fontSize": 18,
            "textAlign": "center",
          }
        }
      >
        Hot or cold, our dessert recipes can turn an average meal into a memorable event
      </Text>
    </View>
  </View>
  <View
    style={
      {
        "bottom": 0,
        "left": 0,
        "position": "absolute",
        "right": 0,
        "top": 0,
      }
    }
  >
    <RNCMaskedView
      style={
        {
          "bottom": 0,
          "left": 0,
          "position": "absolute",
          "right": 0,
          "top": 0,
        }
      }
    >
      <View
        pointerEvents="none"
        style={
          {
            "bottom": 0,
            "left": 0,
            "position": "absolute",
            "right": 0,
            "top": 0,
          }
        }
      >
        <RNSVGSvgView
          bbHeight="100%"
          bbWidth="100%"
          focusable={false}
          style={
            [
              {
                "backgroundColor": "transparent",
                "borderWidth": 0,
              },
              [
                {
                  "bottom": 0,
                  "left": 0,
                  "position": "absolute",
                  "right": 0,
                  "top": 0,
                },
                {
                  "transform": [
                    {
                      "rotateY": "180deg",
                    },
                  ],
                },
              ],
              {
                "flex": 0,
                "height": "100%",
                "width": "100%",
              },
            ]
          }
        >
          <RNSVGGroup
            matrix={
              [
                1,
                0,
                0,
                1,
                0,
                0,
              ]
            }
          >
            <RNSVGPath
              fill={
                {
                  "payload": 4278190080,
                  "type": 0,
                }
              }
              propList={
                [
                  "fill",
                ]
              }
            />
          </RNSVGGroup>
        </RNSVGSvgView>
      </View>
      <RNSVGSvgView
        bbHeight="100%"
        bbWidth="100%"
        focusable={false}
        style={
          [
            {
              "backgroundColor": "transparent",
              "borderWidth": 0,
            },
            {
              "bottom": 0,
              "left": 0,
              "position": "absolute",
              "right": 0,
              "top": 0,
            },
            {
              "flex": 0,
              "height": "100%",
              "width": "100%",
            },
          ]
        }
      >
        <RNSVGGroup>
          <RNSVGDefs>
            <RNSVGRadialGradient
              cx="50%"
              cy="35%"
              fx="50%"
              fy="35%"
              gradient={
                [
                  0,
                  -8202497,
                  1,
                  -16740138,
                ]
              }
              gradientTransform={null}
              gradientUnits={0}
              name="gradient"
              rx="50%"
              ry="50%"
            />
          </RNSVGDefs>
          <RNSVGRect
            fill={
              {
                "brushRef": "gradient",
                "type": 1,
              }
            }
            height="1334"
            propList={
              [
                "fill",
              ]
            }
            width="750"
            x="0"
            y="0"
          />
        </RNSVGGroup>
      </RNSVGSvgView>
      <View
        style={
          {
            "alignItems": "center",
            "bottom": 0,
            "left": 0,
            "padding": 75,
            "paddingTop": 150,
            "position": "absolute",
            "right": 0,
            "top": 0,
          }
        }
      >
        <Image
          source={1}
          style={
            {
              "height": 675,
              "width": 675,
            }
          }
        />
        <View>
          <Text
            style={
              {
                "color": "white",
                "fontFamily": "SFProDisplay-Bold",
                "fontSize": 48,
                "marginBottom": 16,
                "textAlign": "center",
              }
            }
          >
            Healthy Foods
          </Text>
          <Text
            style={
              {
                "color": "white",
                "fontFamily": "SFProDisplay-Regular",
                "fontSize": 18,
                "textAlign": "center",
              }
            }
          >
            Discover healthy recipes that are easy to do with detailed cooking instructions from top chefs
          </Text>
        </View>
      </View>
    </RNCMaskedView>
    <View
      style={
        {
          "alignItems": "center",
          "borderRadius": 25,
          "height": 50,
          "justifyContent": "center",
          "left": 750,
          "opacity": 1,
          "position": "absolute",
          "top": 642,
          "width": 50,
        }
      }
    >
      <Text />
    </View>
  </View>
</View>
`;
