// Jest Snapshot v1, https://goo.gl/fbAQLP

exports[`<App /> has 1 child 1`] = `null`;

exports[`<Entry /> has 1 child 1`] = `null`;
